Last login: Mon Apr  1 18:00:58 on ttys000
172-26-204-97:~ Hayley$ ssh hm968@i6.cims.nyu.edu
hm968@i6.cims.nyu.edu's password: 
Last login: Mon Apr  1 18:01:12 2013 from 172-26-204-97.dynapool.nyu.edu
You are using 0% of your 1.0G quota for /home/hm968.
You are using 0% of your 1.0G quota for /web/hm968.
hm968@i6[~]$ /usr/local/pkg/mysql/bin/mysql -hwarehouse -pfnppvg4r
Welcome to the MySQL monitor.  Commands end with ; or \g.
Your MySQL connection id is 883259 to server version: 5.1.34

Type 'help;' or '\h' for help. Type '\c' to clear the buffer.

mysql> set password = password("hayleyisamazing");
Query OK, 0 rows affected (0.00 sec)

mysql> exit
Bye
hm968@i6[~]$ echo $PATH
/home/hm968/bin:/usr/local/bin:/opt/sunstudio/bin:/opt/bin:/opt/java/bin:/usr/bin:/bin:/usr/sbin:/sbin:/opt/pathscale/bin:/usr/lib64/qt-3.3/bin:/usr/local/bin:/bin:/usr/bin:/usr/local/sbin:/usr/sbin:/sbin
hm968@i6[~]$ cp .csrhc .cshrc.SAVE
cp: cannot stat `.csrhc': No such file or directory
hm968@i6[~]$ cp .cshrc .cshrc.SAVE
hm968@i6[~]$ pico .cshrc
hm968@i6[~]$ mysql -hwarehouse -phayleyisamazing hm968_db2
ERROR 1044 (42000): Access denied for user 'hm968'@'%' to database 'hm968_db2'
hm968@i6[~]$ logout
Connection to i6.cims.nyu.edu closed.
172-26-204-97:~ Hayley$ ssh hm968@i6.cims.nyu.edu
hm968@i6.cims.nyu.edu's password: 
Last login: Mon Apr  1 18:02:52 2013 from 172-26-204-97.dynapool.nyu.edu
mysql You are using 0% of your 1.0G quota for /home/hm968.
You are using 0% of your 1.0G quota for /web/hm968.
hm968@i6[~]$ mysql -hwarehouse -phayleyisamazing hm968_db2
ERROR 1044 (42000): Access denied for user 'hm968'@'%' to database 'hm968_db2'
hm968@i6[~]$ mysql -hwarehouse -phayleyisamazing hm968_db_2
Welcome to the MySQL monitor.  Commands end with ; or \g.
Your MySQL connection id is 883269
Server version: 5.1.34 MySQL Community Server (GPL)

Copyright (c) 2000, 2012, Oracle and/or its affiliates. All rights reserved.

Oracle is a registered trademark of Oracle Corporation and/or its
affiliates. Other names may be trademarks of their respective
owners.

Type 'help;' or '\h' for help. Type '\c' to clear the current input statement.

mysql> CREATE TABLE course (
    -> course_id int NOT NULL AUTO_INCREMENT,
    -> course_title varchar(255) NOT NULL,
    -> course_department int NOT NULL,
    -> credit_hours float NOT NULL,
    -> PRIMARY KEY (course_id)
    -> FOREIGN KEY (course_department) REFERENCES departments(department_id)
    -> ) ENGINE=InnoDB;
ERROR 1064 (42000): You have an error in your SQL syntax; check the manual that corresponds to your MySQL server version for the right syntax to use near 'FOREIGN KEY (course_department) REFERENCES departments(department_id)
) ENGINE=I' at line 7
mysql> CREATE TABLE departments (
    -> department_id int NOT NULL AUTO_INCREMENT,
    -> department_name varchar(255) NOT NULL,
    -> PRIMARY KEY (department_id)
    -> ) ENGINE=InnoDB;
Query OK, 0 rows affected (0.04 sec)

mysql> CREATE TABLE course (
    -> course_id int NOT NULL AUTO_INCREMENT,
    -> course_title varchar(255) NOT NULL,
    -> course_department int NOT NULL,
    -> credit_hours float NOT NULL,
    -> PRIMARY KEY (course_id)
    -> FOREIGN KEY (course_department) REFERENCES departments(department_id)
    -> ) ENGINE=InnoDB;
ERROR 1064 (42000): You have an error in your SQL syntax; check the manual that corresponds to your MySQL server version for the right syntax to use near 'FOREIGN KEY (course_department) REFERENCES departments(department_id)
) ENGINE=I' at line 7
mysql> CREATE TABLE course (
    -> course_id int NOT NULL AUTO_INCREMENT,
    -> course_title varchar(255) NOT NULL,
    -> course_department int NOT NULL,
    -> credit_hours float NOT NULL,
    -> PRIMARY KEY (course_id)
    -> FOREIGN KEY (course_department) REFERENCES departments(department_id)
    -> ) ENGINE-InnoDB;
ERROR 1064 (42000): You have an error in your SQL syntax; check the manual that corresponds to your MySQL server version for the right syntax to use near 'FOREIGN KEY (course_department) REFERENCES departments(department_id)
) ENGINE-I' at line 7
mysql> CREATE TABLE course (
    -> course_id NOT NULL AUTO_INCREMENT,
    -> course_title varchar(255) NOT NULL,
    -> course_department int DEFAULT NULL,
    -> credit_hours float NOT NULL,
    -> PRIMARY KEY (course_id)
    -> FOREIGN KEY (course_department) REFERENCES departments(department_id)
    -> ) ENGINE=InnoDB;
ERROR 1064 (42000): You have an error in your SQL syntax; check the manual that corresponds to your MySQL server version for the right syntax to use near 'NOT NULL AUTO_INCREMENT,
course_title varchar(255) NOT NULL,
course_department i' at line 2
mysql> CREATE TABLE course (
    -> course_id int NOT NULL AUTO_INCREMENT,
    -> course_title varchar(255) NOT NULL,
    -> course_department int DEFAULT NULL,
    -> credit_hours float NOT NULL,
    -> PRIMARY KEY (course_id)
    -> FOREIGN KEY (course_department) REFERENCES departments(departmend_id)
    -> ) ENGINE=InnoDB;
ERROR 1064 (42000): You have an error in your SQL syntax; check the manual that corresponds to your MySQL server version for the right syntax to use near 'FOREIGN KEY (course_department) REFERENCES departments(departmend_id)
) ENGINE=I' at line 7
mysql>      course_id int NOT NULL AUTO_INCREMENT,
    ->     -> course_title varchar(255) NOT NULL,
    ->     -> course_department int DEFAULT NULL,
    ->     -> credit_hours float NOT NULL,
    ->     -> PRIMARY KEY (course_id)
    ->     -> FOREIGN KEY (course_department) REFERENCES
    -> )
    -> ENGINE=InnoDB;
ERROR 1064 (42000): You have an error in your SQL syntax; check the manual that corresponds to your MySQL server version for the right syntax to use near 'course_id int NOT NULL AUTO_INCREMENT,
    -> course_title varchar(255) NOT NULL' at line 1
mysql> CREATE TABLE course (
    ->     -> course_id int NOT NULL AUTO_INCREMENT,
    ->     -> course_title varchar(255) NOT NULL,
    ->     -> course_department int DEFAULT NULL,
    ->     -> FOREIGN KEY (course_department) REFERENCES departments(department_id)
    -> ) ENGINE=InnoDB;
ERROR 1064 (42000): You have an error in your SQL syntax; check the manual that corresponds to your MySQL server version for the right syntax to use near '-> course_id int NOT NULL AUTO_INCREMENT,
    -> course_title varchar(255) NOT N' at line 2
mysql> CREATE TABLE course (
    -> course_id int NOT NULL AUTO_INCREMENT,
    -> course_title varchar(255) NOT NULL,
    -> course_department int DEFAULT NULL,
    -> PRIMARY KEY (course_id)
    -> FOREIGN KEY (course_department) REFERENCES departments(department_id)
    -> ) ENGINE=InnoDB;
ERROR 1064 (42000): You have an error in your SQL syntax; check the manual that corresponds to your MySQL server version for the right syntax to use near 'FOREIGN KEY (course_department) REFERENCES departments(department_id)
) ENGINE=I' at line 6
mysql> CREATE TABLE course (
    -> course_id int NOT NULL AUTO_INCREMENT,
    -> course_title varchar(255) NOT NULL,
    -> course_department int DEFAULT NULL,
    -> credit_hours float NOT NULL,
    -> PRIMARY KEY (course_id),
    -> FOREIGN KEY (course_department) REFERENCES departments(department_id)
    -> Engine=InnoDB;
ERROR 1064 (42000): You have an error in your SQL syntax; check the manual that corresponds to your MySQL server version for the right syntax to use near 'Engine=InnoDB' at line 8
mysql> CREATE TABLE course (
    -> course_id int NOT NULL AUTO_INCREMENT,
    -> course_title varchar(255) NOT NULL,
    -> course_department int DEFAULT NULL,
    -> credit_hours float NOT NULL,
    -> PRIMARY KEY (course_id),
    -> FOREIGN KEY (course_department) REFERENCES departments(department_id)
    -> ) Engine=InnoDB;
Query OK, 0 rows affected (0.02 sec)

mysql> CREATE TABLE textbooks (
    -> textbook_id int NOT NULL AUTO_INCREMENT,
    -> textbook_title varchar(255) NOT NULL,
    -> textbook_author varchar(255) NOT NULL,
    -> textbook_cost float NOT NULL,
    -> textbook_edition int NOT NULL,
    -> year_published int(4) NOT NULL,
    -> number_pages int(5) NOT NULL,
    -> publisher varchar(255) NOT NULL,
    -> course_id int DEFAULT NULL,
    -> PRIMARY KEY (textbook_id),
    -> FOREIGN KEY (course_id) REFERENCES course(course_id)
    -> ) Engine=InnoDB;
Query OK, 0 rows affected (11.09 sec)

mysql> INSERT INTO departments (
    -> department_name
    -> ) VALUES
    -> ('Mathematics'),
    -> ('English'),
    -> ('Chemistry'),
    -> ('Physics'),
    -> ('Art');
Query OK, 5 rows affected (0.01 sec)
Records: 5  Duplicates: 0  Warnings: 0

mysql> INSERT INTO course (
    -> course_title,
    -> course_department,
    -> credit_hours
    -> ) VALUES
    -> ('Calculus', (SELECT course_department FROM departments WHERE department_name = 'Mathematics'), '4.0'),
    -> ('British Literature I', (SELECT course_department FROM departments WHERE department_name = 'English'), '3.0'),
    -> ('Intro to Thermodynamics', (SELECT course_department FROM departments WHERE department_name = 'Physics'), '4.0'),
    -> ('Organic Biochemistry', (SELECT course_department FROM departments WHERE department_name = 'Chemistry'), '4.0'),
    -> ('Studio Art I', (SELECT course_department FROM departments WHERE department_name = 'Art'), '2.0');
ERROR 1054 (42S22): Unknown column 'course_department' in 'field list'
mysql> INSERT INTO course (
    -> course_title,
    -> course_department,
    -> credit_hours
    -> ) VALUES
    -> ('Calculus', (SELECT course_department FROM departments WHERE department_name = 'Mathematics'), '4.0');
ERROR 1054 (42S22): Unknown column 'course_department' in 'field list'
mysql> INSERT INTO course (
    -> course_title,
    -> credit_hours,
    -> course_department
    -> ) VALUES
    -> ('Calculus', '4.0', (SELECT course_department FROM departments WHERE department_name = 'Mathematics'));
ERROR 1054 (42S22): Unknown column 'course_department' in 'field list'
mysql> SHOW [FULL] TABLES [{FROM | IN} hm968_db_2]
    -> 
    -> [ ]
    -> ;
ERROR 1064 (42000): You have an error in your SQL syntax; check the manual that corresponds to your MySQL server version for the right syntax to use near '[FULL] TABLES [{FROM | IN} hm968_db_2]

[ ]' at line 1
mysql> SHOW TABLES
    -> ;
+----------------------+
| Tables_in_hm968_db_2 |
+----------------------+
| course               |
| departments          |
| textbooks            |
+----------------------+
3 rows in set (0.03 sec)

mysql> SHOW FULL TABLES
    -> ;
+----------------------+------------+
| Tables_in_hm968_db_2 | Table_type |
+----------------------+------------+
| course               | BASE TABLE |
| departments          | BASE TABLE |
| textbooks            | BASE TABLE |
+----------------------+------------+
3 rows in set (0.02 sec)

mysql> SHOW TABLES LIKE 'DEPARTMENTS'
    -> ;
Empty set (0.00 sec)

mysql> 
mysql> DESCRIBE course
    -> ;
+-------------------+--------------+------+-----+---------+----------------+
| Field             | Type         | Null | Key | Default | Extra          |
+-------------------+--------------+------+-----+---------+----------------+
| course_id         | int(11)      | NO   | PRI | NULL    | auto_increment |
| course_title      | varchar(255) | NO   |     | NULL    |                |
| course_department | int(11)      | YES  | MUL | NULL    |                |
| credit_hours      | float        | NO   |     | NULL    |                |
+-------------------+--------------+------+-----+---------+----------------+
4 rows in set (0.01 sec)

mysql> SHOW course
    -> ;
ERROR 1064 (42000): You have an error in your SQL syntax; check the manual that corresponds to your MySQL server version for the right syntax to use near 'course' at line 1
mysql> SHOW departments;
ERROR 1064 (42000): You have an error in your SQL syntax; check the manual that corresponds to your MySQL server version for the right syntax to use near 'departments' at line 1
mysql> DESCRIBE departments;
+-----------------+--------------+------+-----+---------+----------------+
| Field           | Type         | Null | Key | Default | Extra          |
+-----------------+--------------+------+-----+---------+----------------+
| department_id   | int(11)      | NO   | PRI | NULL    | auto_increment |
| department_name | varchar(255) | NO   |     | NULL    |                |
+-----------------+--------------+------+-----+---------+----------------+
2 rows in set (0.01 sec)

mysql> INSERT INTO course (
    -> credit_hours,
    -> course_name,
    -> ;
ERROR 1064 (42000): You have an error in your SQL syntax; check the manual that corresponds to your MySQL server version for the right syntax to use near '' at line 3
mysql> INSERT INTO course (
    -> course_name,
    -> department_id,
    -> credit_hours
    -> ) VALUES
    -> ('Calculus', (SELECT department_id FROM departments WHERE department_name = 'Mathematics'), '4.0')
    -> ('Intro to Thermodynamics', (SELECT department_id FROM departments WHERE department_name = 'Physics'), '4.0')
    -> ('Organic Biochemistry', (SELECT department_id FROM departments WHERE department_name = 'Chemistry'), '4.0')
    -> ('British Literature I', (SELECT department_id FROM departments WHERE department_name = 'English'), '3.0')
    -> ('Studio Art I', (SELECT department_id FROM departments WHERE department_name = 'Art'), '2.0');
ERROR 1064 (42000): You have an error in your SQL syntax; check the manual that corresponds to your MySQL server version for the right syntax to use near '('Intro to Thermodynamics', (SELECT department_id FROM departments WHERE departm' at line 7
mysql> INSERT INTO course (
    -> course_name,
    -> department_id,
    -> credit_hours
    -> ) VALUES
    -> ('Calculus', (SELECT department_id FROM departments WHERE department_name = 'Mathematics'), '4.0'),
    -> ('Intro to Thermodynamics', (SELECT department_id FROM departments WHERE department_name = 'Physics'), '4.0'),
    -> ('Organic Biochemistry', (SELECT department_id FROM departments WHERE department_name = 'Chemistry'), '4.0'),
    -> ('British Literature I', (SELECT department_id FROM departments WHERE department_name = 'English'), '3.0'),
    -> ('Studio Art I', (SELECT department_id FROM departments WHERE department_name = 'Art'), '2.0');
ERROR 1054 (42S22): Unknown column 'course_name' in 'field list'
mysql> INSERT INTO course (
    -> course_title,
    -> department_id,
    -> credit_hours
    -> ) VALUES
    -> ('Calculus', (SELECT department_id FROM departments WHERE department_name = 'Mathematics'), '4.0'),
    -> ('Intro to Thermodynamics', (SELECT department_id FROM departments WHERE department_name = 'Physics'), '4.0'),
    -> ('Organic Biochemistry', (SELECT department_id FROM departments WHERE department_name = 'Chemistry'), '4.0'),
    -> ('British Literature I', (SELECT department_id FROM departments WHERE department_name = 'English'), '3.0'),
    -> ('Studio Art I', (SELECT department_id FROM departments WHERE department_name = 'Art'), '2.0');
ERROR 1054 (42S22): Unknown column 'department_id' in 'field list'
mysql> DROP course
    -> ;
ERROR 1064 (42000): You have an error in your SQL syntax; check the manual that corresponds to your MySQL server version for the right syntax to use near 'course' at line 1
mysql> DROP TABLE course
    -> ;
ERROR 1217 (23000): Cannot delete or update a parent row: a foreign key constraint fails
mysql> DROP TABLE textbooks
    -> ;
Query OK, 0 rows affected (0.04 sec)

mysql> DROP TABLE course;
Query OK, 0 rows affected (3.54 sec)

mysql> course_id int NOT NULL AUTO_INCREMENT,
    -> course_title varchar(255) NOT NULL,
    -> department_id int DEFAULT NULL,
    -> credit_hours float NOT NULL,
    -> PRIMARY KEY (course_id),
    -> FOREIGN KEY (department_id) REFERENCES departments(department_id)
    -> ) Engine=InnoDB;
ERROR 1064 (42000): You have an error in your SQL syntax; check the manual that corresponds to your MySQL server version for the right syntax to use near 'course_id int NOT NULL AUTO_INCREMENT,
course_title varchar(255) NOT NULL,
depar' at line 1
mysql> CREATE TABLE course (
    -> course_id int NOT NULL AUTO_INCREMENT,
    -> course_title varchar(255) NOT NULL,
    -> department_id int DEFAULT NULL,
    -> credit_hours float NOT NULL,
    -> PRIMARY KEY (course_id),
    -> FOREIGN KEY (department_id) REFERENCES departments(department_id)
    -> ) Engine=InnoDB;
Query OK, 0 rows affected (0.41 sec)

mysql> CREATE TABLE textbooks (
    -> textbook_id int NOT NULL AUTO_INCREMENT,
    -> title varchar(255) NOT NULL,
    -> author varchar(255) NOT NULL,
    -> cost float NOT NULL,
    -> edition int NOT NULL,
    -> year_published int(4) NOT NULL,
    -> number_pages int(5) NOT NULL,
    -> publisher varchar(255) NOT NULL,
    -> course_id int DEFAULT NULL,
    -> PRIMARY KEY (textbook_id),
    -> FOREIGN KEY (course_id) REFERENCES course(course_id)
    -> ) Engine=InnoDB;
Query OK, 0 rows affected (1.08 sec)

mysql> INSERT INTO course (
    -> course_title,
    -> department_id,
    -> credit_hours
    -> VALUES
    -> ('Calculus', (SELECT department_id FROM departments WHERE department_name = 'Mathematics'), '4.0'),
    -> ('Intro to Thermodynamics', (SELECT department_id FROM departments WHERE department_name = 'Physics'), '4.0'),
    -> ('Organic Biochemistry', (SELECT department_id FROM departments WHERE department_name = 'Chemistry'), '4.0'),
    -> ('British Literature I', (SELECT department_id FROM departments WHERE department_name = 'English'), '3.0'),
    -> ('Studio Art I', (SELECT department_id FROM departments WHERE department_name = 'Art'), '2.0');
ERROR 1064 (42000): You have an error in your SQL syntax; check the manual that corresponds to your MySQL server version for the right syntax to use near 'VALUES
('Calculus', (SELECT department_id FROM departments WHERE department_name' at line 5
mysql> INSERT INTO course (
    -> course_title,
    -> department_id,
    -> credit_hours
    -> ) VALUES
    -> ('Calculus', (SELECT department_id FROM departments WHERE department_name = 'Mathematics'), '4.0'),
    -> ('Intro to Thermodynamics', (SELECT department_id FROM departments WHERE department_name = 'Physics'), '4.0'),
    -> ('Organic Biochemistry', (SELECT department_id FROM departments WHERE department_name = 'Chemistry'), '4.0'),
    -> ('British Literature I', (SELECT department_id FROM departments WHERE department_name = 'English'), '3.0'),
    -> ('Studio Art I', (SELECT department_id FROM departments WHERE department_name = 'Art'), '2.0');
Query OK, 5 rows affected (0.17 sec)
Records: 5  Duplicates: 0  Warnings: 0

mysql> INSERT INTO textbooks (
    -> title,
    -> author,
    -> cost,
    -> edition,
    -> year_published,
    -> number_pages,
    -> publisher,
    -> course_id
    -> ) VALUES
    -> ('Thermodynamics are Cool', 'Albert Einstein', '342.95', '3', '1924', '3524', 'Harvard University Press', (SELECT course_id FROM course WHERE course_name = 'Intro to Thermodynamics')),
    -> ('Thermodynamics 101', 'Physics Guy', '643.43', '1', '2004', '232', 'Random House', (SELECT course_id FROM course WHERE course_name = 'Intro to Thermodynamics')),
    -> ('Hamlet', 'William Shakespeare', '15.32', '1', '1609', '123', 'Gutenberg Press', (SELECT course_id FROM course WHERE course_name = 'British Literature I')),
    -> ('Beowulf', 'Anglo-Saxon Poet', '14.54', '5', '1000', '321', 'Gutenberg Press', (SELECT course_id FROM course WHERE course_name = 'British Literature I')),
    -> ('Chemistry is Cool', 'Kurt Alder', '423.43', '3', '1934', '3242', 'Oxford University Press', (SELECT course_id FROM course WHERE course_name = 'Organic Biochemistry')),
    -> ('Chemistry is Way Cool', 'Joseph Priestley', 421.54', '2', '1994', '432', 'Penguin', (SELECT course_id FROM course WHERE course_name = 'Organic Biochemistry')),
    '> ('Calculus is Fun', 'Math Guy', '653.32', '3', '1989', '4231', 'Harcourt', (SELECT course_id FROM course WHERE course_name = 'Calculus')),
    '> (Calculus is Amazing', 'Isaac Newton', '834.21', '2', '1004', '4123', 'Newton Press', (SELECT course_id FROM course WHERE course_name = 'Calculus')),
    -> ('How to Art', 'Claude Monet', '348.21', '5', '1837', '432', 'Art Press', (SELECT course_id FROM course WHERE course_name = 'Studio Art I')),
    -> ('Art is the Best', 'Vincent van Gogh', '413.64', '4', '1789', '132', 'Van Gogh Press', (SELECT course_id FROM course WHERE course_name = 'Studio Art I'));
ERROR 1064 (42000): You have an error in your SQL syntax; check the manual that corresponds to your MySQL server version for the right syntax to use near '', '2', '1994', '432', 'Penguin', (SELECT course_id FROM course WHERE course_nam' at line 16
mysql> INSERT INTO textbooks (
    -> title,
    -> author,
    -> cost,
    -> edition,
    -> year_published,
    -> number_pages,
    -> publisher,
    -> course_id
    -> ) VALUES
    -> ('Thermodynamics are Cool', 'Albert Einstein', '342.95', '3', '1924', '3524', 'Harvard University Press', (SELECT course_id FROM course WHERE course_name = 'Intro to Thermodynamics')),
    -> ('Thermodynamics 101', 'Physics Guy', '643.43', '1', '2004', '232', 'Random House', (SELECT course_id FROM course WHERE course_name = 'Intro to Thermodynamics')),
    -> ('Hamlet', 'William Shakespeare', '15.32', '1', '1609', '123', 'Gutenberg Press', (SELECT course_id FROM course WHERE course_name = 'British Literature I')),
    -> ('Beowulf', 'Anglo-Saxon Poet', '14.54', '5', '1000', '321', 'Gutenberg Press', (SELECT course_id FROM course WHERE course_name = 'British Literature I')),
    -> ('Chemistry is Cool', 'Kurt Alder', '423.43', '3', '1934', '3242', 'Oxford University Press', (SELECT course_id FROM course WHERE course_name = 'Organic Biochemistry')),
    -> ('Chemistry is Way Cool', 'Joseph Priestley', '421.54', '2', '1994', '432', 'Penguin', (SELECT course_id FROM course WHERE course_name = 'Organic Biochemistry')),
    -> ('Calculus is Fun', 'Math Guy', '653.32', '3', '1989', '4231', 'Harcourt', (SELECT course_id FROM course WHERE course_name = 'Calculus')),
    -> ('Calculus is Amazing', 'Isaac Newton', '834.21', '2', '1004', '4123', 'Newton Press', (SELECT course_id FROM course WHERE course_name = 'Calculus')),
    -> ('How to Art', 'Claude Monet', '348.21', '5', '1837', '432', 'Art Press', (SELECT course_id FROM course WHERE course_name = 'Studio Art I')),
    -> ('Art is the Best', 'Vincent van Gogh', '413.64', '4', '1789', '132', 'Van Gogh Press', (SELECT course_id FROM course WHERE course_name = 'Studio Art I'));
ERROR 1054 (42S22): Unknown column 'course_name' in 'where clause'
mysql> INSERT INTO textbooks (
    -> title,
    -> author,
    -> cost,
    -> edition,
    -> year_published,
    -> number_pages,
    -> publisher,
    -> course_id
    -> ) VALUES
    -> ('Thermodynamics are Cool', 'Albert Einstein', '342.95', '3', '1924', '3524', 'Harvard University Press', (SELECT course_id FROM course WHERE course_title = 'Intro to Thermodynamics')),
    -> ('Thermodynamics 101', 'Physics Guy', '643.43', '1', '2004', '232', 'Random House', (SELECT course_id FROM course WHERE course_title = 'Intro to Thermodynamics')),
    -> ('Hamlet', 'William Shakespeare', '15.32', '1', '1609', '123', 'Gutenberg Press', (SELECT course_id FROM course WHERE course_title = 'British Literature I')),
    -> ('Beowulf', 'Anglo-Saxon Poet', '14.54', '5', '1000', '321', 'Gutenberg Press', (SELECT course_id FROM course WHERE course_title = 'British Literature I')),
    -> ('Chemistry is Cool', 'Kurt Alder', '423.43', '3', '1934', '3242', 'Oxford University Press', (SELECT course_id FROM course WHERE course_title = 'Organic Biochemistry')),
    -> ('Chemistry is Way Cool', 'Joseph Priestley', '421.54', '2', '1994', '432', 'Penguin', (SELECT course_id FROM course WHERE course_title = 'Organic Biochemistry')),
    -> ('Calculus is Fun', 'Math Guy', '653.32', '3', '1989', '4231', 'Harcourt', (SELECT course_id FROM course WHERE course_title = 'Calculus')),
    -> ('Calculus is Amazing', 'Isaac Newton', '834.21', '2', '1004', '4123', 'Newton Press', (SELECT course_id FROM course WHERE course_title = 'Calculus')),
    -> ('How to Art', 'Claude Monet', '348.21', '5', '1837', '432', 'Art Press', (SELECT course_id FROM course WHERE course_title = 'Studio Art I')),
    -> ('Art is the Best', 'Vincent van Gogh', '413.64', '4', '1789', '132', 'Van Gogh Press', (SELECT course_id FROM course WHERE course_title = 'Studio Art I'));
Query OK, 10 rows affected (0.04 sec)
Records: 10  Duplicates: 0  Warnings: 0

mysql> SELECT course_title FROM course ORDER BY course_title;
+-------------------------+
| course_title            |
+-------------------------+
| British Literature I    |
| Calculus                |
| Intro to Thermodynamics |
| Organic Biochemistry    |
| Studio Art I            |
+-------------------------+
5 rows in set (0.01 sec)

mysql> SELECT course_title, department_id FROM course WHERE course_title != 'Organic Biochemistry' OR 'Intro to Thermodynamics';
+-------------------------+---------------+
| course_title            | department_id |
+-------------------------+---------------+
| Calculus                |             1 |
| Intro to Thermodynamics |             4 |
| British Literature I    |             2 |
| Studio Art I            |             5 |
+-------------------------+---------------+
4 rows in set, 1 warning (0.01 sec)

mysql> SELECT course_title, department_id FROM course WHERE course_title != 'Organic Biochemistry' OR course_title != 'Intro to Thermodynamics';
+-------------------------+---------------+
| course_title            | department_id |
+-------------------------+---------------+
| Calculus                |             1 |
| Intro to Thermodynamics |             4 |
| Organic Biochemistry    |             3 |
| British Literature I    |             2 |
| Studio Art I            |             5 |
+-------------------------+---------------+
5 rows in set (0.01 sec)

mysql> SELECT course_title, department_id FROM course WHERE course_title != 'Organic Biochemistry' OR course_title = 'Intro to Thermodynamics';
+-------------------------+---------------+
| course_title            | department_id |
+-------------------------+---------------+
| Calculus                |             1 |
| Intro to Thermodynamics |             4 |
| British Literature I    |             2 |
| Studio Art I            |             5 |
+-------------------------+---------------+
4 rows in set (0.01 sec)

mysql> 
Last login: Tue Apr  2 12:31:45 on console
172-26-32-100:~ Hayley$ ssh hm968@i6.cims.nyu.edu
hm968@i6.cims.nyu.edu's password: 
Last login: Mon Apr  1 18:07:13 2013 from 172-26-204-97.dynapool.nyu.edu
You are using 0% of your 1.0G quota for /home/hm968.
You are using 0% of your 1.0G quota for /web/hm968.
hm968@i6[~]$ /usr/local/pkg/mysql/bin/mysql -hwarehouse -pfnppvg4r
ERROR 1045 (28000): Access denied for user 'hm968'@'i6.cims.nyu.edu' (using password: YES)
hm968@i6[~]$ mysql -hwarehouse -phayleyisamazing hm968_db2
ERROR 1044 (42000): Access denied for user 'hm968'@'%' to database 'hm968_db2'
hm968@i6[~]$ mysql -hwarehouse -phayleyisamazing hm968_db_2
Reading table information for completion of table and column names
You can turn off this feature to get a quicker startup with -A

Welcome to the MySQL monitor.  Commands end with ; or \g.
Your MySQL connection id is 910588
Server version: 5.1.34 MySQL Community Server (GPL)

Copyright (c) 2000, 2012, Oracle and/or its affiliates. All rights reserved.

Oracle is a registered trademark of Oracle Corporation and/or its
affiliates. Other names may be trademarks of their respective
owners.

Type 'help;' or '\h' for help. Type '\c' to clear the current input statement.

mysql> (SELECT course_title, department_id FROM course WHERE course_title = 'Calculus')
    -> UNION
    -> (SELECT course_title, department_id FROM course WHERE course_title = 'British Literature I')
    -> UNION
    -> (SELECT course_title, department_id FROM course WHERE course_title = 'Studio Art I');
+----------------------+---------------+
| course_title         | department_id |
+----------------------+---------------+
| Calculus             |             1 |
| British Literature I |             2 |
| Studio Art I         |             5 |
+----------------------+---------------+
3 rows in set (0.01 sec)

mysql> SELECT course.course_title, course.department_id, departments.department_id, departments.department_name
    -> FROM departments INNER JOIN course ON departments.department_id = course.department_id;
+-------------------------+---------------+---------------+-----------------+
| course_title            | department_id | department_id | department_name |
+-------------------------+---------------+---------------+-----------------+
| Calculus                |             1 |             1 | Mathematics     |
| Intro to Thermodynamics |             4 |             4 | Physics         |
| Organic Biochemistry    |             3 |             3 | Chemistry       |
| British Literature I    |             2 |             2 | English         |
| Studio Art I            |             5 |             5 | Art             |
+-------------------------+---------------+---------------+-----------------+
5 rows in set (0.01 sec)

mysql> (SELECT course.course_title, course.department_id, departments.department_id, departments.department_name WHERE course.course_title = 'Calculus')
    -> UNION
    -> (SELECT course.course_title, course.department_id, departments.department_id, departments.department_name WHERE course.course_title = 'British Literature I')
    -> UNION
    -> (SELECT course.course_title, course.department_id, departments.department_id, departments.department_name WHERE course.course_title = 'Studio Art I')
    -> FROM departments INNER JOIN course ON departments.department_id = course.department_id;
ERROR 1064 (42000): You have an error in your SQL syntax; check the manual that corresponds to your MySQL server version for the right syntax to use near 'WHERE course.course_title = 'Calculus')
UNION
(SELECT course.course_title, cours' at line 1
mysql> (SELECT course_title, department_id FROM course WHERE course_title = 'Calculus')
    -> UNION
    -> (SELECT course_title, department_id FROM course WHERE course_title = 'British Literature I')
    -> UNION
    -> (SELECT course_title, department_id FROM course WHERE course_title = 'Studio Art I')
    -> UNION
    -> (SELECT department_name, department_id FROM departments)
    -> FROM departments INNER JOIN course ON departments.department_id = course.department_id;
ERROR 1064 (42000): You have an error in your SQL syntax; check the manual that corresponds to your MySQL server version for the right syntax to use near 'FROM departments INNER JOIN course ON departments.department_id = course.departm' at line 8
mysql> FROM departments INNER JOIN course ON departments.department_id = course.department_id
    -> (SELECT course.course_title, course.department_id, departments.department_id, departments.department_name WHERE course.course_title = 'Calculus')
    -> UNION
    -> (SELECT course.course_title, course.department_id, departments.department_id, departments.department_name WHERE course.course_title = 'British Literature I')
    -> UNION
    -> (SELECT course.course_title, course.department_id, departments.department_id, departments.department_name WHERE course.course_title = 'Studio Art I');
ERROR 1064 (42000): You have an error in your SQL syntax; check the manual that corresponds to your MySQL server version for the right syntax to use near 'FROM departments INNER JOIN course ON departments.department_id = course.departm' at line 1
mysql> departments INNER JOIN course
    -> ;
ERROR 1064 (42000): You have an error in your SQL syntax; check the manual that corresponds to your MySQL server version for the right syntax to use near 'departments INNER JOIN course' at line 1
mysql> departments INNER JOIN course ON departments.department_id = course.departments_id;
ERROR 1064 (42000): You have an error in your SQL syntax; check the manual that corresponds to your MySQL server version for the right syntax to use near 'departments INNER JOIN course ON departments.department_id = course.departments_' at line 1
mysql> (SELECT course_title, department_id FROM course WHERE course_title = 'Calculus')
    -> UNION
    -> (SELECT course_title, department_id FROM course WHERE course_title = 'British Literature I')
    -> UNION
    -> (SELECT course_title, department_id FROM course WHERE course_title = 'Studio Art I')
    -> UNION
    -> (SELECT department_id, department_name FROM departments);
+----------------------+---------------+
| course_title         | department_id |
+----------------------+---------------+
| Calculus             | 1             |
| British Literature I | 2             |
| Studio Art I         | 5             |
| 1                    | Mathematics   |
| 2                    | English       |
| 3                    | Chemistry     |
| 4                    | Physics       |
| 5                    | Art           |
+----------------------+---------------+
8 rows in set (0.01 sec)

mysql> SELECT course_title, department_id
    -> FROM (SELECT course.course_title, course.department_id
    -> ;
ERROR 1064 (42000): You have an error in your SQL syntax; check the manual that corresponds to your MySQL server version for the right syntax to use near '' at line 2
mysql> SELECT course_title, department_id
    -> FROM (SELECT course.course_title, course.department_id
    -> FROM course
    -> WHERE course.course_title = 'Calculus'
    -> UNION
    -> SELECT course.course_title, ;
ERROR 1064 (42000): You have an error in your SQL syntax; check the manual that corresponds to your MySQL server version for the right syntax to use near '' at line 6
mysql> (SELECT course.course_title, course.department_id, departments.department_id, departments.department_name WHERE course IN ('Calculus', 'British Literature I', 'Studio Art I')
    -> FROM departments INNER JOIN course ON departments.department_id = course.department_id;
ERROR 1064 (42000): You have an error in your SQL syntax; check the manual that corresponds to your MySQL server version for the right syntax to use near 'WHERE course IN ('Calculus', 'British Literature I', 'Studio Art I')
FROM depart' at line 1
mysql> (SELECT course.course_title, course.department_id, departments.department_id, departments.department_name WHERE course.course_title IN ('British Literature I', 'Calculus', 'Studio Art I')
    -> FROM departments INNER JOIN course ON departments.department_id = course.department_id;
ERROR 1064 (42000): You have an error in your SQL syntax; check the manual that corresponds to your MySQL server version for the right syntax to use near 'WHERE course.course_title IN ('British Literature I', 'Calculus', 'Studio Art I'' at line 1
mysql> (SELECT course.course_title, course.department_id, departments.department_id, departments.department_name WHERE course_title IN ('Calculus', 'British Literature I', 'Studio Art I')
    -> FROM departments INNER JOIN course ON departments.department_id = course.department_id;
ERROR 1064 (42000): You have an error in your SQL syntax; check the manual that corresponds to your MySQL server version for the right syntax to use near 'WHERE course_title IN ('Calculus', 'British Literature I', 'Studio Art I')
FROM ' at line 1
mysql> SELECT course.course_title, course.department_id, departments.department_id, departments.department_name 
    -> FROM departments 
    ->   INNER JOIN course ON departments.department_id = course.department_id
    -> WHERE course.course_title IN ('Calculus', 'British Literature I','Studio Art I')
    -> ;
+----------------------+---------------+---------------+-----------------+
| course_title         | department_id | department_id | department_name |
+----------------------+---------------+---------------+-----------------+
| Calculus             |             1 |             1 | Mathematics     |
| British Literature I |             2 |             2 | English         |
| Studio Art I         |             5 |             5 | Art             |
+----------------------+---------------+---------------+-----------------+
3 rows in set (0.00 sec)

mysql> SELECT CONCAT(author,'; ',title,' (',publisher,': ',year_published,')') as result from textbooks;
+---------------------------------------------------------------------------+
| result                                                                    |
+---------------------------------------------------------------------------+
| Albert Einstein; Thermodynamics are Cool (Harvard University Press: 1924) |
| Physics Guy; Thermodynamics 101 (Random House: 2004)                      |
| William Shakespeare; Hamlet (Gutenberg Press: 1609)                       |
| Anglo-Saxon Poet; Beowulf (Gutenberg Press: 1000)                         |
| Kurt Alder; Chemistry is Cool (Oxford University Press: 1934)             |
| Joseph Priestley; Chemistry is Way Cool (Penguin: 1994)                   |
| Math Guy; Calculus is Fun (Harcourt: 1989)                                |
| Isaac Newton; Calculus is Amazing (Newton Press: 1004)                    |
| Claude Monet; How to Art (Art Press: 1837)                                |
| Vincent van Gogh; Art is the Best (Van Gogh Press: 1789)                  |
+---------------------------------------------------------------------------+
10 rows in set (0.00 sec)

mysql> SELECT textbooks.title, textbooks.author, textbooks.department_id, departments.department_id, departments.department_name
    -> FROM departments INNER JOIN textbooks ON departments.department_id = course.department_id
    -> ORDER BY departments.department_name, textbooks.title;
ERROR 1054 (42S22): Unknown column 'textbooks.department_id' in 'field list'
mysql> SELECT textbooks.title, textbooks.author, departments.department_id, departments.department_name
    -> FROM departments INNER JOIN course ON departments.department_id = course.department_id
    -> INNER JOIN textbooks ON course.course_id = textbooks.course_id
    -> ORDER BY departments.department_name, textbooks.title;
+-------------------------+---------------------+---------------+-----------------+
| title                   | author              | department_id | department_name |
+-------------------------+---------------------+---------------+-----------------+
| Art is the Best         | Vincent van Gogh    |             5 | Art             |
| How to Art              | Claude Monet        |             5 | Art             |
| Chemistry is Cool       | Kurt Alder          |             3 | Chemistry       |
| Chemistry is Way Cool   | Joseph Priestley    |             3 | Chemistry       |
| Beowulf                 | Anglo-Saxon Poet    |             2 | English         |
| Hamlet                  | William Shakespeare |             2 | English         |
| Calculus is Amazing     | Isaac Newton        |             1 | Mathematics     |
| Calculus is Fun         | Math Guy            |             1 | Mathematics     |
| Thermodynamics 101      | Physics Guy         |             4 | Physics         |
| Thermodynamics are Cool | Albert Einstein     |             4 | Physics         |
+-------------------------+---------------------+---------------+-----------------+
10 rows in set (0.00 sec)

mysql> SELECT MAX(number_pages), title, author, publisher FROM textbooks;
+-------------------+-------------------------+-----------------+--------------------------+
| MAX(number_pages) | title                   | author          | publisher                |
+-------------------+-------------------------+-----------------+--------------------------+
|              4231 | Thermodynamics are Cool | Albert Einstein | Harvard University Press |
+-------------------+-------------------------+-----------------+--------------------------+
1 row in set (0.02 sec)

mysql> SELECT COUNT(title) FROM textbooks WHERE course_id = '1'
    -> FROM textbooks INNER JOIN course ON textbooks.course_id = course.course_id;
ERROR 1064 (42000): You have an error in your SQL syntax; check the manual that corresponds to your MySQL server version for the right syntax to use near 'FROM textbooks INNER JOIN course ON textbooks.course_id = course.course_id' at line 2
mysql> SELECT COUNT (textbooks.title) WHERE course.course_id = '1'
    -> FROM textbooks INNER JOIN course ON textbooks.course_id = course.course_idl
    -> ;
ERROR 1064 (42000): You have an error in your SQL syntax; check the manual that corresponds to your MySQL server version for the right syntax to use near 'WHERE course.course_id = '1'
FROM textbooks INNER JOIN course ON textbooks.cours' at line 1
mysql> SELECT COUNT(title) FROM textbooks WHERE course_id = '1';
+--------------+
| COUNT(title) |
+--------------+
|            2 |
+--------------+
1 row in set (0.01 sec)

mysql> SELECT COUNT(title FROM textbooks WHERE course_id = '1' AS 'Mathematics';
ERROR 1064 (42000): You have an error in your SQL syntax; check the manual that corresponds to your MySQL server version for the right syntax to use near 'FROM textbooks WHERE course_id = '1' AS 'Mathematics'' at line 1
mysql> SELECT COUNT(title) AS 'Mathematics' FROM textbooks WHERE course_id = '1';
+-------------+
| Mathematics |
+-------------+
|           2 |
+-------------+
1 row in set (0.01 sec)

mysql> SELECT COUNT(title) AS 'English' FROM textbooks WHERE course_id = '2';
+---------+
| English |
+---------+
|       2 |
+---------+
1 row in set (0.00 sec)

mysql> SELECT COUNT(title) AS 'Chemistry' FROM textbooks WHERE course_id = '3';
+-----------+
| Chemistry |
+-----------+
|         2 |
+-----------+
1 row in set (0.00 sec)

mysql> SELECT COUNT(title) AS 'Physics' FROM textbooks WHERE course_id = '4';
+---------+
| Physics |
+---------+
|       2 |
+---------+
1 row in set (0.00 sec)

mysql> SELECT COUNT(title) AS 'Art' FROM textbooks WHERE course_id = '5';
+-----+
| Art |
+-----+
|   2 |
+-----+
1 row in set (0.00 sec)

mysql> SELECT course_id, AVG(cost) FROM textbooks GROUP BY course_id;
+-----------+------------------+
| course_id | AVG(cost)        |
+-----------+------------------+
|         1 | 743.765014648438 |
|         2 | 493.190002441406 |
|         3 | 422.485000610352 |
|         4 | 14.9299998283386 |
|         5 | 380.925003051758 |
+-----------+------------------+
5 rows in set (0.01 sec)

mysql> 
